OK: 0.115.12
